{
  "version": "1.5.0",
  "plugins_used": [
    {
      "name": "ArtifactoryDetector"
    },
    {
      "name": "AWSKeyDetector"
    },
    {
      "name": "AzureStorageKeyDetector"
    },
    {
      "name": "Base64HighEntropyString",
      "limit": 4.5
    },
    {
      "name": "BasicAuthDetector"
    },
    {
      "name": "CloudantDetector"
    },
    {
      "name": "DiscordBotTokenDetector"
    },
    {
      "name": "GitHubTokenDetector"
    },
    {
      "name": "GitLabTokenDetector"
    },
    {
      "name": "HexHighEntropyString",
      "limit": 3.0
    },
    {
      "name": "IbmCloudIamDetector"
    },
    {
      "name": "IbmCosHmacDetector"
    },
    {
      "name": "IPPublicDetector"
    },
    {
      "name": "JwtTokenDetector"
    },
    {
      "name": "KeywordDetector",
      "keyword_exclude": ""
    },
    {
      "name": "MailchimpDetector"
    },
    {
      "name": "NpmDetector"
    },
    {
      "name": "OpenAIDetector"
    },
    {
      "name": "PrivateKeyDetector"
    },
    {
      "name": "PypiTokenDetector"
    },
    {
      "name": "SendGridDetector"
    },
    {
      "name": "SlackDetector"
    },
    {
      "name": "SoftlayerDetector"
    },
    {
      "name": "SquareOAuthDetector"
    },
    {
      "name": "StripeDetector"
    },
    {
      "name": "TelegramBotTokenDetector"
    },
    {
      "name": "TwilioKeyDetector"
    }
  ],
  "filters_used": [
    {
      "path": "detect_secrets.filters.allowlist.is_line_allowlisted"
    },
    {
      "path": "detect_secrets.filters.heuristic.is_indirect_reference"
    },
    {
      "path": "detect_secrets.filters.heuristic.is_likely_id_string"
    },
    {
      "path": "detect_secrets.filters.heuristic.is_lock_file"
    },
    {
      "path": "detect_secrets.filters.heuristic.is_not_alphanumeric_string"
    },
    {
      "path": "detect_secrets.filters.heuristic.is_potential_uuid"
    },
    {
      "path": "detect_secrets.filters.heuristic.is_prefixed_with_dollar_sign"
    },
    {
      "path": "detect_secrets.filters.heuristic.is_sequential_string"
    },
    {
      "path": "detect_secrets.filters.heuristic.is_swagger_file"
    },
    {
      "path": "detect_secrets.filters.heuristic.is_templated_secret"
    }
  ],
  "results": {
    ".env.example": [
      {
        "type": "Basic Auth Credentials",
        "filename": ".env.example",
        "hashed_secret": "d03ad94bc88ffab12a9153c61362b51a27a60947",
        "is_verified": false,
        "line_number": 1,
        "is_secret": false,
        "review_reason": "Documented loopback development database credential, not a deployed secret."
      }
    ],
    ".github/workflows/ci.yml": [
      {
        "type": "Secret Keyword",
        "filename": ".github/workflows/ci.yml",
        "hashed_secret": "d03ad94bc88ffab12a9153c61362b51a27a60947",
        "is_verified": false,
        "line_number": 11,
        "is_secret": false,
        "review_reason": "Disposable CI database credential scoped to this job."
      },
      {
        "type": "Basic Auth Credentials",
        "filename": ".github/workflows/ci.yml",
        "hashed_secret": "d03ad94bc88ffab12a9153c61362b51a27a60947",
        "is_verified": false,
        "line_number": 18,
        "is_secret": false,
        "review_reason": "Disposable CI database credential scoped to this job."
      }
    ],
    "apps/api/alembic/versions/3da72910ea21_account_lifecycle.py": [
      {
        "type": "Hex High Entropy String",
        "filename": "apps/api/alembic/versions/3da72910ea21_account_lifecycle.py",
        "hashed_secret": "051bf8795235a8e6655a64e998c6fbb8ce48f7b6",
        "is_verified": false,
        "line_number": 6,
        "is_secret": false,
        "review_reason": "Alembic revision identifier."
      }
    ],
    "apps/api/alembic/versions/4eb83021fb32_core_lifecycle.py": [
      {
        "type": "Hex High Entropy String",
        "filename": "apps/api/alembic/versions/4eb83021fb32_core_lifecycle.py",
        "hashed_secret": "38fbaa88bdc1cad5c0625843e9d7be64ce1986e2",
        "is_verified": false,
        "line_number": 6,
        "is_secret": false,
        "review_reason": "Alembic revision identifiers."
      },
      {
        "type": "Hex High Entropy String",
        "filename": "apps/api/alembic/versions/4eb83021fb32_core_lifecycle.py",
        "hashed_secret": "051bf8795235a8e6655a64e998c6fbb8ce48f7b6",
        "is_verified": false,
        "line_number": 7,
        "is_secret": false,
        "review_reason": "Alembic revision identifiers."
      }
    ],
    "apps/api/app/core/config.py": [
      {
        "type": "Basic Auth Credentials",
        "filename": "apps/api/app/core/config.py",
        "hashed_secret": "d03ad94bc88ffab12a9153c61362b51a27a60947",
        "is_verified": false,
        "line_number": 12,
        "is_secret": false,
        "review_reason": "Documented loopback development database default."
      }
    ],
    "apps/api/app/modules/identity/application/mail.py": [
      {
        "type": "Secret Keyword",
        "filename": "apps/api/app/modules/identity/application/mail.py",
        "hashed_secret": "91ef0c1608b20c9c5bd9e003bbb600229c0dfeb1",
        "is_verified": false,
        "line_number": 7,
        "is_secret": false,
        "review_reason": "Mail purpose labels verify/reset, not authentication tokens."
      },
      {
        "type": "Secret Keyword",
        "filename": "apps/api/app/modules/identity/application/mail.py",
        "hashed_secret": "37c6c57bedf4305ef41249c1794760b5cb8fad17",
        "is_verified": false,
        "line_number": 8,
        "is_secret": false,
        "review_reason": "Mail purpose labels verify/reset, not authentication tokens."
      }
    ],
    "apps/api/tests/conftest.py": [
      {
        "type": "Basic Auth Credentials",
        "filename": "apps/api/tests/conftest.py",
        "hashed_secret": "d03ad94bc88ffab12a9153c61362b51a27a60947",
        "is_verified": false,
        "line_number": 6,
        "is_secret": false,
        "review_reason": "Disposable test database and synthetic account credentials."
      },
      {
        "type": "Secret Keyword",
        "filename": "apps/api/tests/conftest.py",
        "hashed_secret": "c3ff6057a7e48ddb17d832b6b0de36a8fd9acb35",
        "is_verified": false,
        "line_number": 55,
        "is_secret": false,
        "review_reason": "Disposable test database and synthetic account credentials."
      }
    ],
    "apps/api/tests/test_account_lifecycle.py": [
      {
        "type": "Secret Keyword",
        "filename": "apps/api/tests/test_account_lifecycle.py",
        "hashed_secret": "fb17c437408f533b0eaba43d13cd0f908273f2dd",
        "is_verified": false,
        "line_number": 45,
        "is_secret": false,
        "review_reason": "Synthetic account password used only in tests."
      }
    ],
    "apps/api/tests/test_core.py": [
      {
        "type": "Secret Keyword",
        "filename": "apps/api/tests/test_core.py",
        "hashed_secret": "c3ff6057a7e48ddb17d832b6b0de36a8fd9acb35",
        "is_verified": false,
        "line_number": 180,
        "is_secret": false,
        "review_reason": "Synthetic test passwords and invalid input fixtures."
      },
      {
        "type": "Secret Keyword",
        "filename": "apps/api/tests/test_core.py",
        "hashed_secret": "60fbe64c3ce33b2d0e897bd6a321daac0b670945",
        "is_verified": false,
        "line_number": 357,
        "is_secret": false,
        "review_reason": "Synthetic test passwords and invalid input fixtures."
      }
    ],
    "compose.yaml": [
      {
        "type": "Secret Keyword",
        "filename": "compose.yaml",
        "hashed_secret": "d03ad94bc88ffab12a9153c61362b51a27a60947",
        "is_verified": false,
        "line_number": 7,
        "is_secret": false,
        "review_reason": "Local development database example credential."
      }
    ],
    "scripts/operational_drill.py": [
      {
        "type": "Secret Keyword",
        "filename": "scripts/operational_drill.py",
        "hashed_secret": "f8551ca0493686227a477fb5b133f0f0b1d99808",
        "is_verified": false,
        "line_number": 321,
        "is_secret": false,
        "review_reason": "Non-secret prefix concatenated with a fresh random UUID."
      },
      {
        "type": "Secret Keyword",
        "filename": "scripts/operational_drill.py",
        "hashed_secret": "50ecd2bcf73ef03bbe6a0e385e0c0a8959e30ad5",
        "is_verified": false,
        "line_number": 540,
        "is_secret": false,
        "review_reason": "Non-secret prefix concatenated with a fresh random UUID."
      }
    ],
    "tests/e2e/account.spec.ts": [
      {
        "type": "Secret Keyword",
        "filename": "tests/e2e/account.spec.ts",
        "hashed_secret": "bc7b13fe60f6a753a26793599af1c24fd0c2dd13",
        "is_verified": false,
        "line_number": 29,
        "is_secret": false,
        "review_reason": "Synthetic browser test account password."
      }
    ],
    "tests/e2e/core.spec.ts": [
      {
        "type": "Secret Keyword",
        "filename": "tests/e2e/core.spec.ts",
        "hashed_secret": "606cba212fae5f529e897d667ad3eab4cb3734a1",
        "is_verified": false,
        "line_number": 122,
        "is_secret": false,
        "review_reason": "Synthetic browser test account password."
      }
    ],
    "tests/e2e/lifecycle.spec.ts": [
      {
        "type": "Secret Keyword",
        "filename": "tests/e2e/lifecycle.spec.ts",
        "hashed_secret": "15b257b35d29318ac372f88edc0ad53d55d9e020",
        "is_verified": false,
        "line_number": 7,
        "is_secret": false,
        "review_reason": "Synthetic browser test account password; no deployed account credential."
      }
    ]
  },
  "generated_at": "2026-10-07T01:09:34Z"
}
